
lais.veiga@51DE257770 MINGW64 ~/Documents/BigData/Algoritimos/3. AULA
$ git init
Initialized empty Git repository in C:/Users/lais.veiga/Documents/BigData/Algoritimos/3. AULA/.git/

lais.veiga@51DE257770 MINGW64 ~/Documents/BigData/Algoritimos/3. AULA (master)
$ git config user.name laisccanelaveiga

lais.veiga@51DE257770 MINGW64 ~/Documents/BigData/Algoritimos/3. AULA (master)
$ git config user.email laisccveiga@gmail.com

lais.veiga@51DE257770 MINGW64 ~/Documents/BigData/Algoritimos/3. AULA (master)
$ git remote add origin https://github.com/laisccanelaveiga/Aula03.git

lais.veiga@51DE257770 MINGW64 ~/Documents/BigData/Algoritimos/3. AULA (master)
$ git branch -M main 

lais.veiga@51DE257770 MINGW64 ~/Documents/BigData/Algoritimos/3. AULA (main)

lais.veiga@51DE257770 MINGW64 ~/Documents/BigData/Algoritimos/3. AULA (main)
$ python -u "c:\Users\lais.veiga\Documents\BigData\Algoritimos\3. AULA\aula03\exemplo1.py"
Anna

lais.veiga@51DE257770 MINGW64 ~/Documents/BigData/Algoritimos/3. AULA (main)
$ git status
On branch main

No commits yet

Untracked files:
  (use "git add <file>..." to include in what will be committed)
        aula03/

nothing added to commit but untracked files present (use "git add" to track)

lais.veiga@51DE257770 MINGW64 ~/Documents/BigData/Algoritimos/3. AULA (main)
$ git add .

lais.veiga@51DE257770 MINGW64 ~/Documents/BigData/Algoritimos/3. AULA (main)
$ git status
On branch main

No commits yet

Changes to be committed:
  (use "git rm --cached <file>..." to unstage)
        new file:   aula03/exemplo1.py


lais.veiga@51DE257770 MINGW64 ~/Documents/BigData/Algoritimos/3. AULA (main)
$ git commit -m "cria o primeiro exemplo de commits para o github"
[main (root-commit) 564cd1b] cria o primeiro exemplo de commits para o github
 1 file changed, 3 insertions(+)
 create mode 100644 aula03/exemplo1.py

lais.veiga@51DE257770 MINGW64 ~/Documents/BigData/Algoritimos/3. AULA (main)
$ git push origin main